Hitachi Optimizing Linkage Editor (Ver. 7.1.03.000)23-Jan-2018 10:52:16

*** Options ***

-subcommand=C:\Users\timmy\AppData\Local\Temp\hmk573.tmp
noprelink
sdebug
rom D=R
nomessage
list "C:\Users\timmy\casio-cpong\Debug\FXADDINror.map"
show symbol
nooptimize
start P_TOP,P,C,D,C$VTBL,C$INIT/0300200,B_BR_Size,B,R/08100000
fsymbol P
nologo
input "C:\Users\timmy\casio-cpong\Debug\CPONG.obj"
input "C:\Program Files\CASIO\fx-9860G SDK\OS\FX\lib\setup.obj"
library "C:\Program Files\CASIO\fx-9860G SDK\OS\FX\lib\fx9860G_library.lib"
output "C:\Users\timmy\casio-cpong\Debug\FXADDINror.abs"
-nomessage=1100
end

*** Error information ***

*** Mapping List ***

SECTION                            START      END         SIZE   ALIGN

P_TOP
                                  00300200  0030020b         c   4
P
                                  0030020c  003015eb      13e0   4
C
                                  003015ec  00301633        48   4
D
                                  00301634  00301637         4   4
B_BR_Size
                                  08100000  08100003         4   4
B
                                  08100004  0810000b         8   4
R
                                  0810000c  0810000f         4   4

*** Symbol List ***

SECTION=
FILE=                               START        END    SIZE
  SYMBOL                            ADDR        SIZE    INFO      COUNTS  OPT

SECTION=P_TOP
FILE=C:\Users\timmy\casio-cpong\Debug\CPONG.obj
                                  00300200  0030020b         c
  _InitializeSystem
                                  00300200         c   func ,g         * 

SECTION=P
FILE=C:\Users\timmy\casio-cpong\Debug\CPONG.obj
                                  0030020c  0030072b       520
  _AddIn_main
                                  0030020c       348   func ,g         * 
  _pause
                                  00300554        6c   func ,g         * 
  _reset
                                  003005c0        18   func ,g         * 
  _DrawPlayer
                                  003005d8        2c   func ,g         * 
  _DrawBall
                                  00300604        4e   func ,g         * 
  _endGame
                                  00300652        6a   func ,g         * 
  _IntToString
                                  003006bc        20   func ,g         * 
  _go
                                  003006dc        50   func ,g         * 
FILE=C:\Program Files\CASIO\fx-9860G SDK\OS\FX\lib\setup.obj
                                  0030072c  00300847       11c
  ___LINK_PROTECT
                                  0030072c         4   func ,g         * 
  _SetQuitHandler
                                  00300730         6   func ,g         * 
  _OnAppCloseDefault
                                  00300736        54   func ,g         * 
  __INITSCT_ADDIN
                                  0030078a        48   func ,g         * 
  _INIT_ADDIN_APPLICATION
                                  003007d2        76   func ,g         * 
FILE=r_addd
                                  00300848  00300bd7       390
  __subd
                                  00300848         0   none ,g         * 
  __subdr
                                  00300860         0   none ,g         * 
  exception1
                                  00300878         0   none ,l         * 
  return_NaN
                                  0030088c         0   none ,l         * 
  return_inf
                                  00300894         0   none ,l         * 
  exception2
                                  00300898         0   none ,l         * 
  p2_denorm_check
                                  003008ac         0   none ,l         * 
  p1_denorm
                                  003008b8         0   none ,l         * 
  return_p2
                                  003008c4         0   none ,l         * 
  return_p1
                                  003008cc         0   none ,l         * 
  p1_normalize
                                  003008da         0   none ,l         * 
  p1_norm_loop
                                  003008e4         0   none ,l         * 
  end_p1_norm
                                  003008ee         0   none ,l         * 
  p2_normalize
                                  003008ee         0   none ,l         * 
  p2_norm_loop
                                  003008f8         0   none ,l         * 
  end_p2_norm
                                  00300902         0   none ,l         * 
  swap_end
                                  0030090a         0   none ,l         * 
  return_zero
                                  0030090e         0   none ,l         * 
  __addd
                                  00300918         0   none ,g         * 
  sub_in
                                  0030092a         0   none ,l         * 
  rotation
                                  0030094a         0   none ,l         * 
  exception_return
                                  00300976         0   none ,l         * 
  sftr1
                                  003009b8         0   none ,l         * 
  e_sftr31
                                  003009bc         0   none ,l         * 
  e_sftr55
                                  003009e2         0   none ,l         * 
  sftr_loop
                                  003009e8         0   none ,l         * 
  end_sftr
                                  003009f0         0   none ,l         * 
  mantissa_sub
                                  00300a14         0   none ,l         * 
  man_sub1
                                  00300a1c         0   none ,l         * 
  normalize
                                  00300a2a         0   none ,l         * 
  norm32_end
                                  00300a34         0   none ,l         * 
  norm16_end
                                  00300a44         0   none ,l         * 
  over_norm
                                  00300a4a         0   none ,l         * 
  overnorm_end
                                  00300a76         0   none ,l         * 
  norm_loop
                                  00300a7c         0   none ,l         * 
  end_calc
                                  00300aa4         0   none ,l         * 
  end_norm
                                  00300aa4         0   none ,l         * 
  denormalize_loop
                                  00300aac         0   none ,l         * 
  round
                                  00300ab4         0   none ,l         * 
  end_denormal
                                  00300ab4         0   none ,l         * 
  round_carry
                                  00300acc         0   none ,l         * 
  end_round
                                  00300ad2         0   none ,l         * 
  return_value
                                  00300ad2         0   none ,l         * 
  return
                                  00300af0         0   none ,l         * 
  plus_zero
                                  00300b10         0   none ,l         * 
  swap
                                  00300b1a         0   none ,l         * 
  EXP_INF
                                  00300b34         0   none ,l         * 
  MMASK
                                  00300b38         0   none ,l         * 
  MSB
                                  00300b3c         0   none ,l         * 
  LOWMASK
                                  00300b40         0   none ,l         * 
  CARRY_CHECK
                                  00300b44         0   none ,l         * 
  NORMAL
                                  00300b48         0   none ,l         * 
  SIGN
                                  00300b4c         0   none ,l         * 
  HALF
                                  00300b50         0   none ,l         * 
  sftrtbl
                                  00300b54         0   none ,l         * 
FILE=r_adds
                                  00300bd8  00300e43       26c
  __subs
                                  00300bd8         0   none ,g         * 
  __adds
                                  00300bde         0   none ,g         * 
  rotation
                                  00300bf8         0   none ,l         * 
  exception_return
                                  00300c22         0   none ,l         * 
  label
                                  00300c42         0   none ,l         * 
  e_sftr26
                                  00300c46         0   none ,l         * 
  or_sticky
                                  00300c4a         0   none ,l         * 
  end_sftr
                                  00300c50         0   none ,l         * 
  mantissa_sub
                                  00300c6a         0   none ,l         * 
  normalize
                                  00300c74         0   none ,l         * 
  n_sftl_8
                                  00300c8a         0   none ,l         * 
  n_sftl_4
                                  00300c96         0   none ,l         * 
  n_sftl_2
                                  00300ca4         0   none ,l         * 
  n_sftl_1
                                  00300cac         0   none ,l         * 
  normal
                                  00300cb4         0   none ,l         * 
  end_calc
                                  00300cb6         0   none ,l         * 
  denormalize_loop
                                  00300cbe         0   none ,l         * 
  end_denormal
                                  00300cc4         0   none ,l         * 
  round_carry
                                  00300cd4         0   none ,l         * 
  end_round
                                  00300cd8         0   none ,l         * 
  return_value
                                  00300cd8         0   none ,l         * 
  return
                                  00300ce6         0   none ,l         * 
  exception1
                                  00300cf4         0   none ,l         * 
  return_NaN
                                  00300d02         0   none ,l         * 
  return_inf
                                  00300d08         0   none ,l         * 
  exception2
                                  00300d0c         0   none ,l         * 
  p2_denorm_check
                                  00300d18         0   none ,l         * 
  p1_denorm
                                  00300d20         0   none ,l         * 
  p1_norm_loop
                                  00300d28         0   none ,l         * 
  end_p1_norm
                                  00300d2e         0   none ,l         * 
  p2_normalize
                                  00300d2e         0   none ,l         * 
  p2_norm_loop
                                  00300d32         0   none ,l         * 
  end_p2_norm
                                  00300d38         0   none ,l         * 
  plus_zero
                                  00300d3c         0   none ,l         * 
  return_zero
                                  00300d3e         0   none ,l         * 
  return_parm1
                                  00300d44         0   none ,l         * 
  e_sftr7
                                  00300d4c         0   none ,l         * 
  e_sftr5
                                  00300d4e         0   none ,l         * 
  e_sftr3
                                  00300d50         0   none ,l         * 
  e_sftr1
                                  00300d52         0   none ,l         * 
  e_sftr6
                                  00300d56         0   none ,l         * 
  e_sftr4
                                  00300d58         0   none ,l         * 
  e_sftr2
                                  00300d5a         0   none ,l         * 
  e_sftr15
                                  00300d5e         0   none ,l         * 
  e_sftr13
                                  00300d62         0   none ,l         * 
  e_sftr11
                                  00300d66         0   none ,l         * 
  e_sftr9
                                  00300d6a         0   none ,l         * 
  e_sftr14
                                  00300d74         0   none ,l         * 
  e_sftr12
                                  00300d78         0   none ,l         * 
  e_sftr10
                                  00300d7c         0   none ,l         * 
  e_sftr8
                                  00300d80         0   none ,l         * 
  e_sftr23
                                  00300d86         0   none ,l         * 
  e_sftr21
                                  00300d8a         0   none ,l         * 
  e_sftr19
                                  00300d8e         0   none ,l         * 
  e_sftr17
                                  00300d92         0   none ,l         * 
  e_sftr22
                                  00300d9c         0   none ,l         * 
  e_sftr20
                                  00300da0         0   none ,l         * 
  e_sftr18
                                  00300da4         0   none ,l         * 
  e_sftr16
                                  00300da8         0   none ,l         * 
  e_sftr25
                                  00300dae         0   none ,l         * 
  e_sftr24
                                  00300dbc         0   none ,l         * 
  a_sftrtbl
                                  00300dc8         0   none ,l         * 
  EXP_INF
                                  00300e30         0   none ,l         * 
  HALF
                                  00300e34         0   none ,l         * 
  LRS
                                  00300e38         0   none ,l         * 
  MAN_1
                                  00300e3c         0   none ,l         * 
  NaN
                                  00300e40         0   none ,l         * 
FILE=r_dtos
                                  00300e44  00300f1f        dc
  __dtos
                                  00300e44         0   none ,g         * 
  end_sticky
                                  00300e9a         0   none ,l         * 
  denormalize_loop
                                  00300ea2         0   none ,l         * 
  end_denormal
                                  00300eac         0   none ,l         * 
  round_carry
                                  00300ebc         0   none ,l         * 
  end_round
                                  00300ec0         0   none ,l         * 
  return
                                  00300ed0         0   none ,l         * 
  exception
                                  00300ede         0   none ,l         * 
  return_inf
                                  00300ee6         0   none ,l         * 
  return_NaN
                                  00300eee         0   none ,l         * 
  return_zero
                                  00300ef4         0   none ,l         * 
  EXP_INF
                                  00300efc         0   none ,l         * 
  MMASK
                                  00300f00         0   none ,l         * 
  SMASK
                                  00300f04         0   none ,l         * 
  DEF_BIAS
                                  00300f08         0   none ,l         * 
  MSB
                                  00300f0c         0   none ,l         * 
  INFS
                                  00300f10         0   none ,l         * 
  CARRY_CHECK
                                  00300f14         0   none ,l         * 
  RET_INF
                                  00300f18         0   none ,l         * 
  NaN
                                  00300f1c         0   none ,l         * 
FILE=r_gts
                                  00300f20  00300f97        78
  __gts
                                  00300f20         0   none ,g         * 
  exception_return1
                                  00300f44         0   none ,l         * 
  exception_return2
                                  00300f48         0   none ,l         * 
  exception_return3
                                  00300f4c         0   none ,l         * 
  minus
                                  00300f5a         0   none ,l         * 
  sign_def
                                  00300f60         0   none ,l         * 
  return
                                  00300f64         0   none ,l         * 
  exception1
                                  00300f70         0   none ,l         * 
  exception2
                                  00300f78         0   none ,l         * 
  exception3
                                  00300f80         0   none ,l         * 
  false
                                  00300f90         0   none ,l         * 
  EXP_INF
                                  00300f94         0   none ,l         * 
FILE=r_lts
                                  00300f98  0030100f        78
  __lts
                                  00300f98         0   none ,g         * 
  exception_return1
                                  00300fbc         0   none ,l         * 
  exception_return2
                                  00300fc0         0   none ,l         * 
  exception_return3
                                  00300fc4         0   none ,l         * 
  minus
                                  00300fd2         0   none ,l         * 
  sign_def
                                  00300fd8         0   none ,l         * 
  return
                                  00300fdc         0   none ,l         * 
  exception1
                                  00300fe8         0   none ,l         * 
  exception2
                                  00300ff0         0   none ,l         * 
  exception3
                                  00300ff8         0   none ,l         * 
  false
                                  00301008         0   none ,l         * 
  EXP_INF
                                  0030100c         0   none ,l         * 
FILE=r_muls
                                  00301010  0030114f       140
  __muls
                                  00301010         0   none ,g         * 
  exception_return3
                                  00301048         0   none ,l         * 
  exception_return4
                                  0030104c         0   none ,l         * 
  end_calc_sticky
                                  0030106e         0   none ,l         * 
  denormal
                                  0030107e         0   none ,l         * 
  end_normalize
                                  00301080         0   none ,l         * 
  denormalize_loop
                                  00301088         0   none ,l         * 
  round_denormal
                                  00301092         0   none ,l         * 
  end_round_d
                                  003010a6         0   none ,l         * 
  end_denormal
                                  003010aa         0   none ,l         * 
  round_carry
                                  003010ba         0   none ,l         * 
  end_round
                                  003010be         0   none ,l         * 
  return_value
                                  003010be         0   none ,l         * 
  return
                                  003010cc         0   none ,l         * 
  exception1
                                  003010dc         0   none ,l         * 
  parm2_NaN_check
                                  003010f0         0   none ,l         * 
  exception2
                                  003010f8         0   none ,l         * 
  exception3
                                  00301108         0   none ,l         * 
  p1_norm_loop
                                  00301110         0   none ,l         * 
  end_p1_norm
                                  00301116         0   none ,l         * 
  exception4
                                  0030111a         0   none ,l         * 
  p2_normalize
                                  0030111e         0   none ,l         * 
  p2_norm_loop
                                  00301122         0   none ,l         * 
  end_p2_norm
                                  00301128         0   none ,l         * 
  return_zero
                                  0030112c         0   none ,l         * 
  return_inf
                                  00301134         0   none ,l         * 
  return_NaN
                                  0030113a         0   none ,l         * 
  EXP_INF
                                  00301140         0   none ,l         * 
  LRS
                                  00301144         0   none ,l         * 
  MAN_1
                                  00301148         0   none ,l         * 
  NaN
                                  0030114c         0   none ,l         * 
FILE=r_stod
                                  00301150  003011d7        88
  __stod
                                  00301150         0   none ,g         * 
  exception_return
                                  0030116e         0   none ,l         * 
  pack
                                  00301172         0   none ,l         * 
  return
                                  0030118e         0   none ,l         * 
  exception1
                                  0030119e         0   none ,l         * 
  return_NaN
                                  003011a8         0   none ,l         * 
  exception2
                                  003011ae         0   none ,l         * 
  p1_norm_loop
                                  003011b6         0   none ,l         * 
  end_p1_norm
                                  003011bc         0   none ,l         * 
  return_zero
                                  003011c0         0   none ,l         * 
  EXP_INF
                                  003011c4         0   none ,l         * 
  MMASK
                                  003011c8         0   none ,l         * 
  RET_INF
                                  003011cc         0   none ,l         * 
  NAN
                                  003011d0         0   none ,l         * 
  DEF_BIAS
                                  003011d4         0   none ,l         * 
FILE=r_stoi
                                  003011d8  0030122f        58
  __stoi
                                  003011d8         0   none ,g         * 
  __stou
                                  003011d8         0   none ,g         * 
  loop_sftl
                                  00301208         0   none ,l         * 
  shift_r
                                  00301212         0   none ,l         * 
  loop_sftr
                                  00301214         0   none ,l         * 
  end_shift
                                  0030121a         0   none ,l         * 
  return
                                  00301220         0   none ,l         * 
  end_nagate
                                  00301220         0   none ,l         * 
  return_zero
                                  00301228         0   none ,l         * 
  EXP_INF
                                  0030122c         0   none ,l         * 
FILE=_Bdel_cychdr
                                  00301230  0030123f        10
  _Bdel_cychdr
                                  00301230         0   none ,g         * 
FILE=_Bdisp_AllClr_DDVRAM
                                  00301240  0030124f        10
  _Bdisp_AllClr_DDVRAM
                                  00301240         0   none ,g         * 
FILE=_Bdisp_PutDisp_DD
                                  00301250  0030125f        10
  _Bdisp_PutDisp_DD
                                  00301250         0   none ,g         * 
FILE=_Bdisp_PutLineVRAM
                                  00301260  0030126f        10
  _Bdisp_DrawLineVRAM
                                  00301260         0   none ,g         * 
FILE=_Bdisp_SetPoint_VRAM
                                  00301270  0030127f        10
  _Bdisp_SetPoint_VRAM
                                  00301270         0   none ,g         * 
FILE=_BfileFLS_CloseFile
                                  00301280  0030128f        10
  _BfileFLS_CloseFile
                                  00301280         0   none ,g         * 
FILE=_Bkey_GetKeyWait
                                  00301290  0030129f        10
  _Bkey_GetKeyWait
                                  00301290         0   none ,g         * 
FILE=_Bkey_Set_RepeatTime
                                  003012a0  003012af        10
  _Bkey_Set_RepeatTime
                                  003012a0         0   none ,g         * 
FILE=_Bkey_Set_RepeatTime_Default
                                  003012b0  003012bf        10
  _Bkey_Set_RepeatTime_Default
                                  003012b0         0   none ,g         * 
FILE=_CallbackAtQuitMainFunction
                                  003012c0  003012cf        10
  _CallbackAtQuitMainFunction
                                  003012c0         0   none ,g         * 
FILE=_flsFindClose
                                  003012d0  003012df        10
  _flsFindClose
                                  003012d0         0   none ,g         * 
FILE=_getkey
                                  003012e0  003012ef        10
  _GetKey
                                  003012e0         0   none ,g         * 
FILE=_GLibAddinAplExecutionCheck
                                  003012f0  003012ff        10
  _GLibAddinAplExecutionCheck
                                  003012f0         0   none ,g         * 
FILE=_Hmem_SetMMU
                                  00301300  0030130f        10
  _Hmem_SetMMU
                                  00301300         0   none ,g         * 
FILE=_malloc
                                  00301310  0030131f        10
  _malloc
                                  00301310         0   none ,g         * 
FILE=_PrintXY
                                  00301320  0030132f        10
  _PrintXY
                                  00301320         0   none ,g         * 
FILE=timer
                                  00301330  0030142f       100
  _GetSDKLibraryVersion
                                  00301330         6   func ,g         * 
  _SetTimer
                                  00301336        54   func ,g         * 
  _KillTimer
                                  0030138a        44   func ,g         * 
  _Sleep
                                  003013ce        62   func ,g         * 
FILE=__divls
                                  00301430  003014e3        b4
  __divls
                                  00301430         0   none ,g         * 
  divls_zero
                                  003014ce         0   none ,l         * 
  A_errno
                                  003014dc         0   none ,l         * 
  n_zerono
                                  003014e0         0   none ,l         * 
FILE=__modls
                                  003014e4  003015ab        c8
  __modls
                                  003014e4         0   none ,g         * 
  modls_L
                                  0030158a         0   none ,l         * 
  modls_zero
                                  00301596         0   none ,l         * 
  A_errno
                                  003015a4         0   none ,l         * 
  n_zerono
                                  003015a8         0   none ,l         * 
FILE=_Bcre_cychdr
                                  003015ac  003015bb        10
  _Bcre_cychdr
                                  003015ac         0   none ,g         * 
FILE=_BSrl_DummyWAIT
                                  003015bc  003015cb        10
  _BSrl_DummyWAIT
                                  003015bc         0   none ,g         * 
FILE=_Bsta_cychdr
                                  003015cc  003015db        10
  _Bsta_cychdr
                                  003015cc         0   none ,g         * 
FILE=_Bstp_cychdr
                                  003015dc  003015eb        10
  _Bstp_cychdr
                                  003015dc         0   none ,g         * 

SECTION=C
FILE=addin_sct
                                  00301620  00301633        14
  _B_BGN
                                  00301620         0   none ,g         * 
  _B_END
                                  00301624         0   none ,g         * 
  _R_BGN
                                  00301628         0   none ,g         * 
  _R_END
                                  0030162c         0   none ,g         * 
  _D_ROM
                                  00301630         0   none ,g         * 

SECTION=B_BR_Size
FILE=C:\Users\timmy\casio-cpong\Debug\CPONG.obj
                                  08100000  08100003         4
  _BR_Size
                                  08100000         4   data ,g         * 

SECTION=B
FILE=C:\Users\timmy\casio-cpong\Debug\CPONG.obj
                                  08100004  08100007         4
  _goV
                                  08100004         4   data ,g         * 
FILE=_errno
                                  08100008  0810000b         4
  __errno
                                  08100008         4   data ,g         * 

SECTION=R
FILE=C:\Program Files\CASIO\fx-9860G SDK\OS\FX\lib\setup.obj
                                  0810000c  0810000f         4
  _gb_OnAppClose
                                  0810000c         4   data ,g         * 

Absolute value symbols
FILE=_Bdel_cychdr
  __JumpTableTOP
                                  80010070         0   none ,l         * 
FILE=_Bdisp_AllClr_DDVRAM
  __JumpTableTOP
                                  80010070         0   none ,l         * 
FILE=_Bdisp_PutDisp_DD
  __JumpTableTOP
                                  80010070         0   none ,l         * 
FILE=_Bdisp_PutLineVRAM
  __JumpTableTOP
                                  80010070         0   none ,l         * 
FILE=_Bdisp_SetPoint_VRAM
  __JumpTableTOP
                                  80010070         0   none ,l         * 
FILE=_BfileFLS_CloseFile
  __JumpTableTOP
                                  80010070         0   none ,l         * 
FILE=_Bkey_GetKeyWait
  __JumpTableTOP
                                  80010070         0   none ,l         * 
FILE=_Bkey_Set_RepeatTime
  __JumpTableTOP
                                  80010070         0   none ,l         * 
FILE=_Bkey_Set_RepeatTime_Default
  __JumpTableTOP
                                  80010070         0   none ,l         * 
FILE=_CallbackAtQuitMainFunction
  __JumpTableTOP
                                  80010070         0   none ,l         * 
FILE=_flsFindClose
  __JumpTableTOP
                                  80010070         0   none ,l         * 
FILE=_getkey
  __JumpTableTOP
                                  80010070         0   none ,l         * 
FILE=_GLibAddinAplExecutionCheck
  __JumpTableTOP
                                  80010070         0   none ,l         * 
FILE=_Hmem_SetMMU
  __JumpTableTOP
                                  80010070         0   none ,l         * 
FILE=_malloc
  __JumpTableTOP
                                  80010070         0   none ,l         * 
FILE=_PrintXY
  __JumpTableTOP
                                  80010070         0   none ,l         * 
FILE=__divls
  zerodiv
                                  0000044e         0   none ,l         * 
FILE=__modls
  zerodiv
                                  0000044e         0   none ,l         * 
FILE=_Bcre_cychdr
  __JumpTableTOP
                                  80010070         0   none ,l         * 
FILE=_BSrl_DummyWAIT
  __JumpTableTOP
                                  80010070         0   none ,l         * 
FILE=_Bsta_cychdr
  __JumpTableTOP
                                  80010070         0   none ,l         * 
FILE=_Bstp_cychdr
  __JumpTableTOP
                                  80010070         0   none ,l         * 

*** Delete Symbols ***

SYMBOL                                SIZE    INFO

*** Variable Accessible with Abs8 ***

SYMBOL                                SIZE    COUNTS  OPTIMIZE

*** Variable Accessible with Abs16 ***

SYMBOL                                SIZE    COUNTS  OPTIMIZE

*** Function Call ***

SYMBOL                              COUNTS  OPTIMIZE
